Program Version,EnergyPlus, Version 26.1.0-6f2e40d102, YMD=2026.07.25 01:44,
   ** Warning ** Weather file location will be used rather than entered (IDF) Location object.
   **   ~~~   ** ..Location object=DENVER CENTENNIAL  GOLDEN   N_CO_USA DESIGN_CONDITIONS
   **   ~~~   ** ..Weather File Location=San Francisco Intl Ap CA USA TMY3 WMO#=724940
   **   ~~~   ** ..due to location differences, Latitude difference=[2.12] degrees, Longitude difference=[17.22] degrees.
   **   ~~~   ** ..Time Zone difference=[1.0] hour(s), Elevation difference=[99.89] percent, [1827.00] meters.
   ** Warning ** SetUpDesignDay: Entered DesignDay Barometric Pressure=81198 differs by more than 10% from Standard Barometric Pressure=101301.
   **   ~~~   ** ...occurs in DesignDay=DENVER CENTENNIAL  GOLDEN   N ANN HTG 99% CONDNS DB, Standard Pressure (based on elevation) will be used.
   ** Warning ** CalculateZoneVolume: 1 zone is not fully enclosed. For more details use:  Output:Diagnostics,DisplayExtrawarnings; 
   ** Warning ** Surfaces in Zone/Enclosure="ZONE ONE" do not define an enclosure.
   **   ~~~   ** Number of surfaces <= 3, view factors are set to force reciprocity but may not fulfill completeness.
   **   ~~~   ** Reciprocity means that radiant exchange between two surfaces will match and not lead to an energy loss.
   **   ~~~   ** Completeness means that all of the view factors between a surface and the other surfaces in a zone add up to unity.
   **   ~~~   ** So, when there are three or less surfaces in a zone, EnergyPlus will make sure there are no losses of energy but
   **   ~~~   ** it will not exchange the full amount of radiation with the rest of the zone as it would if there was a completed enclosure.
   ** Warning ** SetUpDesignDay: Entered DesignDay Barometric Pressure=81198 differs by more than 10% from Standard Barometric Pressure=101301.
   **   ~~~   ** ...occurs in DesignDay=DENVER CENTENNIAL  GOLDEN   N ANN CLG 1% CONDNS DB=>MWB, Standard Pressure (based on elevation) will be used.
   ************* Testing Individual Branch Integrity
   ************* All Branches passed integrity testing
   ************* Testing Individual Supply Air Path Integrity
   ************* All Supply Air Paths passed integrity testing
   ************* Testing Individual Return Air Path Integrity
   ************* All Return Air Paths passed integrity testing
   ************* No node connection errors were found.
   ************* Beginning Simulation
   ************* Simulation Error Summary *************
   ************* EnergyPlus Warmup Error Summary. During Warmup: 0 Warning; 0 Severe Errors.
   ************* EnergyPlus Sizing Error Summary. During Sizing: 0 Warning; 0 Severe Errors.
   ************* EnergyPlus Completed Successfully-- 5 Warning; 0 Severe Errors; Elapsed Time=00hr 00min  0.63sec
